{'cursor': 'CgYIyN6JzQYSGUtYTkJBU1BSRUFELTI2RkVCMjdNRU1EQUw', 'events': [{'available_on_brokers': False, 'category': 'Sports', 'collateral_return_type': '', 'event_ticker': 'KXNBASPREAD-26MAR12CHILAL', 'last_updated_ts': '2026-03-12T01:02:11.287703Z', 'mutually_exclusive': False, 'product_metadata': {'competition': 'Pro Basketball (M)', 'competition_scope': 'Spread'}, 'series_ticker': 'KXNBASPREAD', 'strike_period': '', 'sub_title': 'CHI at LAL (Mar 12)', 'title': 'Chicago at Los Angeles L: Spread'}, {'available_on_brokers': True, 'category': 'Sports', 'collateral_return_type': '', 'event_ticker': 'KXNBASPREAD-26MAR12BOSOKC', 'last_updated_ts': '2026-03-11T22:02:45.8166Z', 'mutually_exclusive': False, 'product_metadata': {'competition': 'Pro Basketball (M)', 'competition_scope': 'Spread'}, 'series_ticker': 'KXNBASPREAD', 'strike_period': '', 'sub_title': 'BOS at OKC (Mar 12)', 'title': 'Boston at Oklahoma City: Spread'}, {'available_on_brokers': True, 'category': 'Sports', 'collateral_return_type': '', 'event_ticker': 'KXNBASPREAD-26MAR12DENSAS', 'last_updated_ts': '2026-03-12T01:02:39.127511Z', 'mutually_exclusive': False, 'product_metadata': {'competition': 'Pro Basketball (M)', 'competition_scope': 'Spread'}, 'series_ticker': 'KXNBASPREAD', 'strike_period': '', 'sub_title': 'DEN at SAS (Mar 12)', 'title': 'Denver at San Antonio: Spread'}, {'available_on_brokers': True, 'category': 'Sports', 'collateral_return_type': '', 'event_ticker': 'KXNBASPREAD-26MAR12DALMEM', 'last_updated_ts': '2026-03-12T01:02:39.747737Z', 'mutually_exclusive': False, 'product_metadata': {'competition': 'Pro Basketball (M)', 'competition_scope': 'Spread'}, 'series_ticker': 'KXNBASPREAD', 'strike_period': '', 'sub_title': 'DAL at MEM (Mar 12)', 'title': 'Dallas at Memphis: Spread'}, {'available_on_brokers': True, 'category': 'Sports', 'collateral_return_type': '', 'event_ticker': 'KXNBASPREAD-26MAR12MILMIA', 'last_updated_ts': '2026-03-12T01:02:11.908289Z', 'mutually_exclusive': False, 'product_metadata': {'competition': 'Pro Basketball (M)', 'competition_scope': 'Spread'}, 'series_ticker': 'KXNBASPREAD', 'strike_period': '', 'sub_title': 'MIL at MIA (Mar 12)', 'title': 'Milwaukee at Miami: Spread'}, {'available_on_brokers': False, 'category': 'Sports', 'collateral_return_type': '', 'event_ticker': 'KXNBASPREAD-26MAR12BKNATL', 'last_updated_ts': '2026-03-12T01:02:12.108111Z', 'mutually_exclusive': False, 'product_metadata': {'competition': 'Pro Basketball (M)', 'competition_scope': 'Spread'}, 'series_ticker': 'KXNBASPREAD', 'strike_period': '', 'sub_title': 'BKN at ATL (Mar 12)', 'title': 'Brooklyn at Atlanta: Spread'}, {'available_on_brokers': True, 'category': 'Sports', 'collateral_return_type': '', 'event_ticker': 'KXNBASPREAD-26MAR12PHXIND', 'last_updated_ts': '2026-03-12T01:02:37.748234Z', 'mutually_exclusive': False, 'product_metadata': {'competition': 'Pro Basketball (M)', 'competition_scope': 'Spread'}, 'series_ticker': 'KXNBASPREAD', 'strike_period': '', 'sub_title': 'PHX at IND (Mar 12)', 'title': 'Phoenix at Indiana: Spread'}, {'available_on_brokers': True, 'category': 'Sports', 'collateral_return_type': '', 'event_ticker': 'KXNBASPREAD-26MAR12PHIDET', 'last_updated_ts': '2026-03-12T01:02:11.208031Z', 'mutually_exclusive': False, 'product_metadata': {'competition': 'Pro Basketball (M)', 'competition_scope': 'Spread'}, 'series_ticker': 'KXNBASPREAD', 'strike_period': '', 'sub_title': 'PHI at DET (Mar 12)', 'title': 'Philadelphia at Detroit: Spread'}, {'available_on_brokers': True, 'category': 'Sports', 'collateral_return_type': '', 'event_ticker': 'KXNBASPREAD-26MAR11MINLAC', 'last_updated_ts': '2026-03-11T01:03:08.704555Z', 'mutually_exclusive': False, 'product_metadata': {'competition': 'Pro Basketball (M)', 'competition_scope': 'Spread'}, 'series_ticker': 'KXNBASPREAD', 'strike_period': '', 'sub_title': 'MIN at LAC (Mar 11)', 'title': 'Minnesota at Los Angeles C: Spread'}, {'available_on_brokers': True, 'category': 'Sports', 'collateral_return_type': '', 'event_ticker': 'KXNBASPREAD-26MAR11HOUDEN', 'last_updated_ts': '2026-03-11T19:02:46.205866Z', 'mutually_exclusive': False, 'product_metadata': {'competition': 'Pro Basketball (M)', 'competition_scope': 'Spread'}, 'series_ticker': 'KXNBASPREAD', 'strike_period': '', 'sub_title': 'HOU at DEN (Mar 11)', 'title': 'Houston at Denver: Spread'}, {'available_on_brokers': True, 'category': 'Sports', 'collateral_return_type': '', 'event_ticker': 'KXNBASPREAD-26MAR11CHASAC', 'last_updated_ts': '2026-03-11T04:02:11.283846Z', 'mutually_exclusive': False, 'product_metadata': {'competition': 'Pro Basketball (M)', 'competition_scope': 'Spread'}, 'series_ticker': 'KXNBASPREAD', 'strike_period': '', 'sub_title': 'CHA at SAC (Mar 11)', 'title': 'Charlotte at Sacramento: Spread'}, {'available_on_brokers': True, 'category': 'Sports', 'collateral_return_type': '', 'event_ticker': 'KXNBASPREAD-26MAR11NYKUTA', 'last_updated_ts': '2026-03-11T16:02:00.641255Z', 'mutually_exclusive': False, 'product_metadata': {'competition': 'Pro Basketball (M)', 'competition_scope': 'Spread'}, 'series_ticker': 'KXNBASPREAD', 'strike_period': '', 'sub_title': 'NYK at UTA (Mar 11)', 'title': 'New York at Utah: Spread'}, {'available_on_brokers': True, 'category': 'Sports', 'collateral_return_type': '', 'event_ticker': 'KXNBASPREAD-26MAR11TORNOP', 'last_updated_ts': '2026-03-12T01:02:15.667612Z', 'mutually_exclusive': False, 'product_metadata': {'competition': 'Pro Basketball (M)', 'competition_scope': 'Spread'}, 'series_ticker': 'KXNBASPREAD', 'strike_period': '', 'sub_title': 'TOR at NOP (Mar 11)', 'title': 'Toronto at New Orleans: Spread'}, {'available_on_brokers': True, 'category': 'Sports', 'collateral_return_type': '', 'event_ticker': 'KXNBASPREAD-26MAR11CLEORL', 'last_updated_ts': '2026-03-10T23:05:22.25539Z', 'mutually_exclusive': False, 'product_metadata': {'competition': 'Pro Basketball (M)', 'competition_scope': 'Spread'}, 'series_ticker': 'KXNBASPREAD', 'strike_period': '', 'sub_title': 'CLE at ORL (Mar 11)', 'title': 'Cleveland at Orlando: Spread'}, {'available_on_brokers': True, 'category': 'Sports', 'collateral_return_type': '', 'event_ticker': 'KXNBASPREAD-26MAR10MINLAL', 'last_updated_ts': '2026-03-09T19:01:57.708799Z', 'mutually_exclusive': False, 'product_metadata': {'competition': 'Pro Basketball (M)', 'competition_scope': 'Spread'}, 'series_ticker': 'KXNBASPREAD', 'strike_period': '', 'sub_title': 'MIN at LAL (Mar 10)', 'title': 'Minnesota at Los Angeles L: Spread'}, {'available_on_brokers': True, 'category': 'Sports', 'collateral_return_type': '', 'event_ticker': 'KXNBASPREAD-26MAR10INDSAC', 'last_updated_ts': '2026-03-10T04:02:15.752901Z', 'mutually_exclusive': False, 'product_metadata': {'competition': 'Pro Basketball (M)', 'competition_scope': 'Spread'}, 'series_ticker': 'KXNBASPREAD', 'strike_period': '', 'sub_title': 'IND at SAC (Mar 10)', 'title': 'Indiana at Sacramento: Spread'}, {'available_on_brokers': True, 'category': 'Sports', 'collateral_return_type': '', 'event_ticker': 'KXNBASPREAD-26MAR10CHIGSW', 'last_updated_ts': '2026-03-10T01:02:03.829124Z', 'mutually_exclusive': False, 'product_metadata': {'competition': 'Pro Basketball (M)', 'competition_scope': 'Spread'}, 'series_ticker': 'KXNBASPREAD', 'strike_period': '', 'sub_title': 'CHI at GSW (Mar 10)', 'title': 'Chicago at Golden State: Spread'}, {'available_on_brokers': True, 'category': 'Sports', 'collateral_return_type': '', 'event_ticker': 'KXNBASPREAD-26MAR10CHAPOR', 'last_updated_ts': '2026-03-09T21:59:59.70792Z', 'mutually_exclusive': False, 'product_metadata': {'competition': 'Pro Basketball (M)', 'competition_scope': 'Spread'}, 'series_ticker': 'KXNBASPREAD', 'strike_period': '', 'sub_title': 'CHA at POR (Mar 10)', 'title': 'Charlotte at Portland: Spread'}, {'available_on_brokers': True, 'category': 'Sports', 'collateral_return_type': '', 'event_ticker': 'KXNBASPREAD-26MAR10TORHOU', 'last_updated_ts': '2026-03-09T21:47:37.308014Z', 'mutually_exclusive': False, 'product_metadata': {'competition': 'Pro Basketball (M)', 'competition_scope': 'Spread'}, 'series_ticker': 'KXNBASPREAD', 'strike_period': '', 'sub_title': 'TOR at HOU (Mar 10)', 'title': 'Toronto at Houston: Spread'}, {'available_on_brokers': True, 'category': 'Sports', 'collateral_return_type': '', 'event_ticker': 'KXNBASPREAD-26MAR10PHXMIL', 'last_updated_ts': '2026-03-10T01:02:06.229178Z', 'mutually_exclusive': False, 'product_metadata': {'competition': 'Pro Basketball (M)', 'competition_scope': 'Spread'}, 'series_ticker': 'KXNBASPREAD', 'strike_period': '', 'sub_title': 'PHX at MIL (Mar 10)', 'title': 'Phoenix at Milwaukee: Spread'}, {'available_on_brokers': True, 'category': 'Sports', 'collateral_return_type': '', 'event_ticker': 'KXNBASPREAD-26MAR10BOSSAS', 'last_updated_ts': '2026-03-11T01:02:42.024956Z', 'mutually_exclusive': False, 'product_metadata': {'competition': 'Pro Basketball (M)', 'competition_scope': 'Spread'}, 'series_ticker': 'KXNBASPREAD', 'strike_period': '', 'sub_title': 'BOS at SAS (Mar 10)', 'title': 'Boston at San Antonio: Spread'}, {'available_on_brokers': True, 'category': 'Sports', 'collateral_return_type': '', 'event_ticker': 'KXNBASPREAD-26MAR10WASMIA', 'last_updated_ts': '2026-03-11T01:02:33.205025Z', 'mutually_exclusive': False, 'product_metadata': {'competition': 'Pro Basketball (M)', 'competition_scope': 'Spread'}, 'series_ticker': 'KXNBASPREAD', 'strike_period': '', 'sub_title': 'WAS at MIA (Mar 10)', 'title': 'Washington at Miami: Spread'}, {'available_on_brokers': True, 'category': 'Sports', 'collateral_return_type': '', 'event_ticker': 'KXNBASPREAD-26MAR10DETBKN', 'last_updated_ts': '2026-03-11T01:03:00.54483Z', 'mutually_exclusive': False, 'product_metadata': {'competition': 'Pro Basketball (M)', 'competition_scope': 'Spread'}, 'series_ticker': 'KXNBASPREAD', 'strike_period': '', 'sub_title': 'DET at BKN (Mar 10)', 'title': 'Detroit at Brooklyn: Spread'}, {'available_on_brokers': True, 'category': 'Sports', 'collateral_return_type': '', 'event_ticker': 'KXNBASPREAD-26MAR10DALATL', 'last_updated_ts': '2026-03-11T01:02:32.844569Z', 'mutually_exclusive': False, 'product_metadata': {'competition': 'Pro Basketball (M)', 'competition_scope': 'Spread'}, 'series_ticker': 'KXNBASPREAD', 'strike_period': '', 'sub_title': 'DAL at ATL (Mar 10)', 'title': 'Dallas at Atlanta: Spread'}, {'available_on_brokers': True, 'category': 'Sports', 'collateral_return_type': '', 'event_ticker': 'KXNBASPREAD-26MAR10MEMPHI', 'last_updated_ts': '2026-03-10T23:32:20.227265Z', 'mutually_exclusive': False, 'product_metadata': {'competition': 'Pro Basketball (M)', 'competition_scope': 'Spread'}, 'series_ticker': 'KXNBASPREAD', 'strike_period': '', 'sub_title': 'MEM at PHI (Mar 10)', 'title': 'Memphis at Philadelphia: Spread'}, {'available_on_brokers': True, 'category': 'Sports', 'collateral_return_type': '', 'event_ticker': 'KXNBASPREAD-26MAR09NYKLAC', 'last_updated_ts': '2026-03-09T01:02:26.456439Z', 'mutually_exclusive': False, 'product_metadata': {'competition': 'Pro Basketball (M)', 'competition_scope': 'Spread'}, 'series_ticker': 'KXNBASPREAD', 'strike_period': '', 'sub_title': 'NYK at LAC (Mar 9)', 'title': 'New York at Los Angeles C: Spread'}, {'available_on_brokers': True, 'category': 'Sports', 'collateral_return_type': '', 'event_ticker': 'KXNBASPREAD-26MAR09GSWUTA', 'last_updated_ts': '2026-03-09T21:47:42.428198Z', 'mutually_exclusive': False, 'product_metadata': {'competition': 'Pro Basketball (M)', 'competition_scope': 'Spread'}, 'series_ticker': 'KXNBASPREAD', 'strike_period': '', 'sub_title': 'GSW at UTA (Mar 9)', 'title': 'Golden State at Utah: Spread'}, {'available_on_brokers': True, 'category': 'Sports', 'collateral_return_type': '', 'event_ticker': 'KXNBASPREAD-26MAR09MEMBKN', 'last_updated_ts': '2026-03-09T04:01:44.192867Z', 'mutually_exclusive': False, 'product_metadata': {'competition': 'Pro Basketball (M)', 'competition_scope': 'Spread'}, 'series_ticker': 'KXNBASPREAD', 'strike_period': '', 'sub_title': 'MEM at BKN (Mar 9)', 'title': 'Memphis at Brooklyn: Spread'}, {'available_on_brokers': True, 'category': 'Sports', 'collateral_return_type': '', 'event_ticker': 'KXNBASPREAD-26MAR09DENOKC', 'last_updated_ts': '2026-03-10T01:02:07.569346Z', 'mutually_exclusive': False, 'product_metadata': {'competition': 'Pro Basketball (M)', 'competition_scope': 'Spread'}, 'series_ticker': 'KXNBASPREAD', 'strike_period': '', 'sub_title': 'DEN at OKC (Mar 9)', 'title': 'Denver at Oklahoma City: Spread'}, {'available_on_brokers': True, 'category': 'Sports', 'collateral_return_type': '', 'event_ticker': 'KXNBASPREAD-26MAR09PHICLE', 'last_updated_ts': '2026-03-09T13:02:24.98043Z', 'mutually_exclusive': False, 'product_metadata': {'competition': 'Pro Basketball (M)', 'competition_scope': 'Spread'}, 'series_ticker': 'KXNBASPREAD', 'strike_period': '', 'sub_title': 'PHI at CLE (Mar 9)', 'title': 'Philadelphia at Cleveland: Spread'}, {'available_on_brokers': True, 'category': 'Sports', 'collateral_return_type': '', 'event_ticker': 'KXNBASPREAD-26MAR08CHAPHX', 'last_updated_ts': '2026-03-07T23:02:27.303564Z', 'mutually_exclusive': False, 'product_metadata': {'competition': 'Pro Basketball (M)', 'competition_scope': 'Spread'}, 'series_ticker': 'KXNBASPREAD', 'strike_period': '', 'sub_title': 'CHA at PHX (Mar 8)', 'title': 'Charlotte at Phoenix: Spread'}, {'available_on_brokers': True, 'category': 'Sports', 'collateral_return_type': '', 'event_ticker': 'KXNBASPREAD-26MAR08INDPOR', 'last_updated_ts': '2026-03-08T02:02:57.331869Z', 'mutually_exclusive': False, 'product_metadata': {'competition': 'Pro Basketball (M)', 'competition_scope': 'Spread'}, 'series_ticker': 'KXNBASPREAD', 'strike_period': '', 'sub_title': 'IND at POR (Mar 8)', 'title': 'Indiana at Portland: Spread'}, {'available_on_brokers': True, 'category': 'Sports', 'collateral_return_type': '', 'event_ticker': 'KXNBASPREAD-26MAR08CHISAC', 'last_updated_ts': '2026-03-08T02:02:58.150273Z', 'mutually_exclusive': False, 'product_metadata': {'competition': 'Pro Basketball (M)', 'competition_scope': 'Spread'}, 'series_ticker': 'KXNBASPREAD', 'strike_period': '', 'sub_title': 'CHI at SAC (Mar 8)', 'title': 'Chicago at Sacramento: Spread'}, {'available_on_brokers': True, 'category': 'Sports', 'collateral_return_type': '', 'event_ticker': 'KXNBASPREAD-26MAR08ORLMIL', 'last_updated_ts': '2026-03-09T01:02:42.565271Z', 'mutually_exclusive': False, 'product_metadata': {'competition': 'Pro Basketball (M)', 'competition_scope': 'Spread'}, 'series_ticker': 'KXNBASPREAD', 'strike_period': '', 'sub_title': 'ORL at MIL (Mar 8)', 'title': 'Orlando at Milwaukee: Spread'}, {'available_on_brokers': True, 'category': 'Sports', 'collateral_return_type': '', 'event_ticker': 'KXNBASPREAD-26MAR08HOUSAS', 'last_updated_ts': '2026-03-09T01:02:27.576991Z', 'mutually_exclusive': False, 'product_metadata': {'competition': 'Pro Basketball (M)', 'competition_scope': 'Spread'}, 'series_ticker': 'KXNBASPREAD', 'strike_period': '', 'sub_title': 'HOU at SAS (Mar 8)', 'title': 'Houston at San Antonio: Spread'}, {'available_on_brokers': True, 'category': 'Sports', 'collateral_return_type': '', 'event_ticker': 'KXNBASPREAD-26MAR08WASNOP', 'last_updated_ts': '2026-03-08T13:02:29.15885Z', 'mutually_exclusive': False, 'product_metadata': {'competition': 'Pro Basketball (M)', 'competition_scope': 'Spread'}, 'series_ticker': 'KXNBASPREAD', 'strike_period': '', 'sub_title': 'WAS at NOP (Mar 8)', 'title': 'Washington at New Orleans: Spread'}, {'available_on_brokers': True, 'category': 'Sports', 'collateral_return_type': '', 'event_ticker': 'KXNBASPREAD-26MAR08DETMIA', 'last_updated_ts': '2026-03-08T02:02:52.950369Z', 'mutually_exclusive': False, 'product_metadata': {'competition': 'Pro Basketball (M)', 'competition_scope': 'Spread'}, 'series_ticker': 'KXNBASPREAD', 'strike_period': '', 'sub_title': 'DET at MIA (Mar 8)', 'title': 'Detroit at Miami: Spread'}, {'available_on_brokers': True, 'category': 'Sports', 'collateral_return_type': '', 'event_ticker': 'KXNBASPREAD-26MAR08DALTOR', 'last_updated_ts': '2026-03-08T02:02:59.070042Z', 'mutually_exclusive': False, 'product_metadata': {'competition': 'Pro Basketball (M)', 'competition_scope': 'Spread'}, 'series_ticker': 'KXNBASPREAD', 'strike_period': '', 'sub_title': 'DAL at TOR (Mar 8)', 'title': 'Dallas at Toronto: Spread'}, {'available_on_brokers': True, 'category': 'Sports', 'collateral_return_type': '', 'event_ticker': 'KXNBASPREAD-26MAR08NYKLAL', 'last_updated_ts': '2026-03-07T20:02:25.508381Z', 'mutually_exclusive': False, 'product_metadata': {'competition': 'Pro Basketball (M)', 'competition_scope': 'Spread'}, 'series_ticker': 'KXNBASPREAD', 'strike_period': '', 'sub_title': 'NYK at LAL (Mar 8)', 'title': 'New York at Los Angeles L: Spread'}, {'available_on_brokers': True, 'category': 'Sports', 'collateral_return_type': '', 'event_ticker': 'KXNBASPREAD-26MAR08BOSCLE', 'last_updated_ts': '2026-03-08T02:02:58.590633Z', 'mutually_exclusive': False, 'product_metadata': {'competition': 'Pro Basketball (M)', 'competition_scope': 'Spread'}, 'series_ticker': 'KXNBASPREAD', 'strike_period': '', 'sub_title': 'BOS at CLE (Mar 8)', 'title': 'Boston at Cleveland: Spread'}, {'available_on_brokers': True, 'category': 'Sports', 'collateral_return_type': '', 'event_ticker': 'KXNBASPREAD-26MAR07GSWOKC', 'last_updated_ts': '2026-03-07T23:02:07.903671Z', 'mutually_exclusive': False, 'product_metadata': {'competition': 'Pro Basketball (M)', 'competition_scope': 'Spread'}, 'series_ticker': 'KXNBASPREAD', 'strike_period': '', 'sub_title': 'GSW at OKC (Mar 7)', 'title': 'Golden State at Oklahoma City: Spread'}, {'available_on_brokers': True, 'category': 'Sports', 'collateral_return_type': '', 'event_ticker': 'KXNBASPREAD-26MAR07UTAMIL', 'last_updated_ts': '2026-03-07T02:01:45.35684Z', 'mutually_exclusive': False, 'product_metadata': {'competition': 'Pro Basketball (M)', 'competition_scope': 'Spread'}, 'series_ticker': 'KXNBASPREAD', 'strike_period': '', 'sub_title': 'UTA at MIL (Mar 7)', 'title': 'Utah at Milwaukee: Spread'}, {'available_on_brokers': True, 'category': 'Sports', 'collateral_return_type': '', 'event_ticker': 'KXNBASPREAD-26MAR07LACMEM', 'last_updated_ts': '2026-03-07T08:01:39.873267Z', 'mutually_exclusive': False, 'product_metadata': {'competition': 'Pro Basketball (M)', 'competition_scope': 'Spread'}, 'series_ticker': 'KXNBASPREAD', 'strike_period': '', 'sub_title': 'LAC at MEM (Mar 7)', 'title': 'Los Angeles C at Memphis: Spread'}, {'available_on_brokers': True, 'category': 'Sports', 'collateral_return_type': '', 'event_ticker': 'KXNBASPREAD-26MAR07PHIATL', 'last_updated_ts': '2026-03-07T08:01:47.393262Z', 'mutually_exclusive': False, 'product_metadata': {'competition': 'Pro Basketball (M)', 'competition_scope': 'Spread'}, 'series_ticker': 'KXNBASPREAD', 'strike_period': '', 'sub_title': 'PHI at ATL (Mar 7)', 'title': 'Philadelphia at Atlanta: Spread'}, {'available_on_brokers': True, 'category': 'Sports', 'collateral_return_type': '', 'event_ticker': 'KXNBASPREAD-26MAR07BKNDET', 'last_updated_ts': '2026-03-07T02:01:45.576387Z', 'mutually_exclusive': False, 'product_metadata': {'competition': 'Pro Basketball (M)', 'competition_scope': 'Spread'}, 'series_ticker': 'KXNBASPREAD', 'strike_period': '', 'sub_title': 'BKN at DET (Mar 7)', 'title': 'Brooklyn at Detroit: Spread'}, {'available_on_brokers': True, 'category': 'Sports', 'collateral_return_type': '', 'event_ticker': 'KXNBASPREAD-26MAR07ORLMIN', 'last_updated_ts': '2026-03-07T08:01:40.713381Z', 'mutually_exclusive': False, 'product_metadata': {'competition': 'Pro Basketball (M)', 'competition_scope': 'Spread'}, 'series_ticker': 'KXNBASPREAD', 'strike_period': '', 'sub_title': 'ORL at MIN (Mar 7)', 'title': 'Orlando at Minnesota: Spread'}, {'available_on_brokers': True, 'category': 'Sports', 'collateral_return_type': '', 'event_ticker': 'KXNBASPREAD-26MAR06INDLAL', 'last_updated_ts': '2026-03-06T23:01:48.014469Z', 'mutually_exclusive': False, 'product_metadata': {'competition': 'Pro Basketball (M)', 'competition_scope': 'Spread'}, 'series_ticker': 'KXNBASPREAD', 'strike_period': '', 'sub_title': 'IND at LAL (Mar 6)', 'title': 'Indiana at Los Angeles L: Spread'}, {'available_on_brokers': True, 'category': 'Sports', 'collateral_return_type': '', 'event_ticker': 'KXNBASPREAD-26MAR06LACSAS', 'last_updated_ts': '2026-03-06T17:04:12.976547Z', 'mutually_exclusive': False, 'product_metadata': {'competition': 'Pro Basketball (M)', 'competition_scope': 'Spread'}, 'series_ticker': 'KXNBASPREAD', 'strike_period': '', 'sub_title': 'LAC at SAS (Mar 6)', 'title': 'Los Angeles C at San Antonio: Spread'}, {'available_on_brokers': True, 'category': 'Sports', 'collateral_return_type': '', 'event_ticker': 'KXNBASPREAD-26MAR06NYKDEN', 'last_updated_ts': '2026-03-06T05:01:40.929207Z', 'mutually_exclusive': False, 'product_metadata': {'competition': 'Pro Basketball (M)', 'competition_scope': 'Spread'}, 'series_ticker': 'KXNBASPREAD', 'strike_period': '', 'sub_title': 'NYK at DEN (Mar 6)', 'title': 'New York at Denver: Spread'}, {'available_on_brokers': True, 'category': 'Sports', 'collateral_return_type': '', 'event_ticker': 'KXNBASPREAD-26MAR06NOPPHX', 'last_updated_ts': '2026-03-06T23:01:49.613863Z', 'mutually_exclusive': False, 'product_metadata': {'competition': 'Pro Basketball (M)', 'competition_scope': 'Spread'}, 'series_ticker': 'KXNBASPREAD', 'strike_period': '', 'sub_title': 'NOP at PHX (Mar 6)', 'title': 'New Orleans at Phoenix: Spread'}, {'available_on_brokers': True, 'category': 'Sports', 'collateral_return_type': '', 'event_ticker': 'KXNBASPREAD-26MAR06PORHOU', 'last_updated_ts': '2026-03-06T20:02:04.244497Z', 'mutually_exclusive': False, 'product_metadata': {'competition': 'Pro Basketball (M)', 'competition_scope': 'Spread'}, 'series_ticker': 'KXNBASPREAD', 'strike_period': '', 'sub_title': 'POR at HOU (Mar 6)', 'title': 'Portland at Houston: Spread'}, {'available_on_brokers': True, 'category': 'Sports', 'collateral_return_type': '', 'event_ticker': 'KXNBASPREAD-26MAR06MIACHA', 'last_updated_ts': '2026-03-06T08:01:21.192708Z', 'mutually_exclusive': False, 'product_metadata': {'competition': 'Pro Basketball (M)', 'competition_scope': 'Spread'}, 'series_ticker': 'KXNBASPREAD', 'strike_period': '', 'sub_title': 'MIA at CHA (Mar 6)', 'title': 'Miami at Charlotte: Spread'}, {'available_on_brokers': True, 'category': 'Sports', 'collateral_return_type': '', 'event_ticker': 'KXNBASPREAD-26MAR06DALBOS', 'last_updated_ts': '2026-03-05T20:01:40.555998Z', 'mutually_exclusive': False, 'product_metadata': {'competition': 'Pro Basketball (M)', 'competition_scope': 'Spread'}, 'series_ticker': 'KXNBASPREAD', 'strike_period': '', 'sub_title': 'DAL at BOS (Mar 6)', 'title': 'Dallas at Boston: Spread'}, {'available_on_brokers': True, 'category': 'Sports', 'collateral_return_type': '', 'event_ticker': 'KXNBASPREAD-26MAR05NOPSAC', 'last_updated_ts': '2026-03-05T02:02:23.040578Z', 'mutually_exclusive': False, 'product_metadata': {'competition': 'Pro Basketball (M)', 'competition_scope': 'Spread'}, 'series_ticker': 'KXNBASPREAD', 'strike_period': '', 'sub_title': 'NOP at SAC (Mar 5)', 'title': 'New Orleans at Sacramento: Spread'}, {'available_on_brokers': True, 'category': 'Sports', 'collateral_return_type': '', 'event_ticker': 'KXNBASPREAD-26MAR05LALDEN', 'last_updated_ts': '2026-03-05T02:02:19.641427Z', 'mutually_exclusive': False, 'product_metadata': {'competition': 'Pro Basketball (M)', 'competition_scope': 'Spread'}, 'series_ticker': 'KXNBASPREAD', 'strike_period': '', 'sub_title': 'LAL at DEN (Mar 5)', 'title': 'Los Angeles L at Denver: Spread'}, {'available_on_brokers': True, 'category': 'Sports', 'collateral_return_type': '', 'event_ticker': 'KXNBASPREAD-26MAR05CHIPHX', 'last_updated_ts': '2026-03-05T02:02:22.780897Z', 'mutually_exclusive': False, 'product_metadata': {'competition': 'Pro Basketball (M)', 'competition_scope': 'Spread'}, 'series_ticker': 'KXNBASPREAD', 'strike_period': '', 'sub_title': 'CHI at PHX (Mar 5)', 'title': 'Chicago at Phoenix: Spread'}, {'available_on_brokers': True, 'category': 'Sports', 'collateral_return_type': '', 'event_ticker': 'KXNBASPREAD-26MAR05TORMIN', 'last_updated_ts': '2026-03-05T20:01:45.055574Z', 'mutually_exclusive': False, 'product_metadata': {'competition': 'Pro Basketball (M)', 'competition_scope': 'Spread'}, 'series_ticker': 'KXNBASPREAD', 'strike_period': '', 'sub_title': 'TOR at MIN (Mar 5)', 'title': 'Toronto at Minnesota: Spread'}, {'available_on_brokers': True, 'category': 'Sports', 'collateral_return_type': '', 'event_ticker': 'KXNBASPREAD-26MAR05DETSAS', 'last_updated_ts': '2026-03-04T23:01:56.03729Z', 'mutually_exclusive': False, 'product_metadata': {'competition': 'Pro Basketball (M)', 'competition_scope': 'Spread'}, 'series_ticker': 'KXNBASPREAD', 'strike_period': '', 'sub_title': 'DET at SAS (Mar 5)', 'title': 'Detroit at San Antonio: Spread'}, {'available_on_brokers': True, 'category': 'Sports', 'collateral_return_type': '', 'event_ticker': 'KXNBASPREAD-26MAR05GSWHOU', 'last_updated_ts': '2026-03-05T02:02:16.400956Z', 'mutually_exclusive': False, 'product_metadata': {'competition': 'Pro Basketball (M)', 'competition_scope': 'Spread'}, 'series_ticker': 'KXNBASPREAD', 'strike_period': '', 'sub_title': 'GSW at HOU (Mar 5)', 'title': 'Golden State at Houston: Spread'}, {'available_on_brokers': True, 'category': 'Sports', 'collateral_return_type': '', 'event_ticker': 'KXNBASPREAD-26MAR05BKNMIA', 'last_updated_ts': '2026-03-05T02:02:03.062046Z', 'mutually_exclusive': False, 'product_metadata': {'competition': 'Pro Basketball (M)', 'competition_scope': 'Spread'}, 'series_ticker': 'KXNBASPREAD', 'strike_period': '', 'sub_title': 'BKN at MIA (Mar 5)', 'title': 'Brooklyn at Miami: Spread'}, {'available_on_brokers': True, 'category': 'Sports', 'collateral_return_type': '', 'event_ticker': 'KXNBASPREAD-26MAR05UTAWAS', 'last_updated_ts': '2026-03-05T20:01:43.496384Z', 'mutually_exclusive': False, 'product_metadata': {'competition': 'Pro Basketball (M)', 'competition_scope': 'Spread'}, 'series_ticker': 'KXNBASPREAD', 'strike_period': '', 'sub_title': 'UTA at WAS (Mar 5)', 'title': 'Utah at Washington: Spread'}, {'available_on_brokers': True, 'category': 'Sports', 'collateral_return_type': '', 'event_ticker': 'KXNBASPREAD-26MAR05DALORL', 'last_updated_ts': '2026-03-05T02:02:04.121744Z', 'mutually_exclusive': False, 'product_metadata': {'competition': 'Pro Basketball (M)', 'competition_scope': 'Spread'}, 'series_ticker': 'KXNBASPREAD', 'strike_period': '', 'sub_title': 'DAL at ORL (Mar 5)', 'title': 'Dallas at Orlando: Spread'}, {'available_on_brokers': True, 'category': 'Sports', 'collateral_return_type': '', 'event_ticker': 'KXNBASPREAD-26MAR04INDLAC', 'last_updated_ts': '2026-03-04T08:01:36.491793Z', 'mutually_exclusive': False, 'product_metadata': {'competition': 'Pro Basketball (M)', 'competition_scope': 'Spread'}, 'series_ticker': 'KXNBASPREAD', 'strike_period': '', 'sub_title': 'IND at LAC (Mar 4)', 'title': 'Indiana at Los Angeles C: Spread'}, {'available_on_brokers': True, 'category': 'Sports', 'collateral_return_type': '', 'event_ticker': 'KXNBASPREAD-26MAR04ATLMIL', 'last_updated_ts': '2026-03-04T20:09:26.004987Z', 'mutually_exclusive': False, 'product_metadata': {'competition': 'Pro Basketball (M)', 'competition_scope': 'Spread'}, 'series_ticker': 'KXNBASPREAD', 'strike_period': '', 'sub_title': 'ATL at MIL (Mar 4)', 'title': 'Atlanta at Milwaukee: Spread'}, {'available_on_brokers': True, 'category': 'Sports', 'collateral_return_type': '', 'event_ticker': 'KXNBASPREAD-26MAR04PORMEM', 'last_updated_ts': '2026-03-04T17:01:40.767681Z', 'mutually_exclusive': False, 'product_metadata': {'competition': 'Pro Basketball (M)', 'competition_scope': 'Spread'}, 'series_ticker': 'KXNBASPREAD', 'strike_period': '', 'sub_title': 'POR at MEM (Mar 4)', 'title': 'Portland at Memphis: Spread'}, {'available_on_brokers': True, 'category': 'Sports', 'collateral_return_type': '', 'event_ticker': 'KXNBASPREAD-26MAR04UTAPHI', 'last_updated_ts': '2026-03-04T05:01:42.95831Z', 'mutually_exclusive': False, 'product_metadata': {'competition': 'Pro Basketball (M)', 'competition_scope': 'Spread'}, 'series_ticker': 'KXNBASPREAD', 'strike_period': '', 'sub_title': 'UTA at PHI (Mar 4)', 'title': 'Utah at Philadelphia: Spread'}, {'available_on_brokers': True, 'category': 'Sports', 'collateral_return_type': '', 'event_ticker': 'KXNBASPREAD-26MAR04CHABOS', 'last_updated_ts': '2026-03-04T02:01:35.956407Z', 'mutually_exclusive': False, 'product_metadata': {'competition': 'Pro Basketball (M)', 'competition_scope': 'Spread'}, 'series_ticker': 'KXNBASPREAD', 'strike_period': '', 'sub_title': 'CHA at BOS (Mar 4)', 'title': 'Charlotte at Boston: Spread'}, {'available_on_brokers': True, 'category': 'Sports', 'collateral_return_type': '', 'event_ticker': 'KXNBASPREAD-26MAR04OKCNYK', 'last_updated_ts': '2026-03-03T23:02:44.00131Z', 'mutually_exclusive': False, 'product_metadata': {'competition': 'Pro Basketball (M)', 'competition_scope': 'Spread'}, 'series_ticker': 'KXNBASPREAD', 'strike_period': '', 'sub_title': 'OKC at NYK (Mar 4)', 'title': 'Oklahoma City at New York: Spread'}, {'available_on_brokers': True, 'category': 'Sports', 'collateral_return_type': '', 'event_ticker': 'KXNBASPREAD-26MAR03PHXSAC', 'last_updated_ts': '2026-03-03T17:02:11.19815Z', 'mutually_exclusive': False, 'product_metadata': {'competition': 'Pro Basketball (M)', 'competition_scope': 'Spread'}, 'series_ticker': 'KXNBASPREAD', 'strike_period': '', 'sub_title': 'PHX at SAC (Mar 3)', 'title': 'Phoenix at Sacramento: Spread'}, {'available_on_brokers': True, 'category': 'Sports', 'collateral_return_type': '', 'event_ticker': 'KXNBASPREAD-26MAR03NOPLAL', 'last_updated_ts': '2026-03-03T23:29:07.474289Z', 'mutually_exclusive': False, 'product_metadata': {'competition': 'Pro Basketball (M)', 'competition_scope': 'Spread'}, 'series_ticker': 'KXNBASPREAD', 'strike_period': '', 'sub_title': 'NOP at LAL (Mar 3)', 'title': 'New Orleans at Los Angeles L: Spread'}, {'available_on_brokers': True, 'category': 'Sports', 'collateral_return_type': '', 'event_ticker': 'KXNBASPREAD-26MAR03SASPHI', 'last_updated_ts': '2026-03-03T17:02:00.398088Z', 'mutually_exclusive': False, 'product_metadata': {'competition': 'Pro Basketball (M)', 'competition_scope': 'Spread'}, 'series_ticker': 'KXNBASPREAD', 'strike_period': '', 'sub_title': 'SAS at PHI (Mar 3)', 'title': 'San Antonio at Philadelphia: Spread'}, {'available_on_brokers': True, 'category': 'Sports', 'collateral_return_type': '', 'event_ticker': 'KXNBASPREAD-26MAR03OKCCHI', 'last_updated_ts': '2026-03-03T23:03:25.28175Z', 'mutually_exclusive': False, 'product_metadata': {'competition': 'Pro Basketball (M)', 'competition_scope': 'Spread'}, 'series_ticker': 'KXNBASPREAD', 'strike_period': '', 'sub_title': 'OKC at CHI (Mar 3)', 'title': 'Oklahoma City at Chicago: Spread'}, {'available_on_brokers': True, 'category': 'Sports', 'collateral_return_type': '', 'event_ticker': 'KXNBASPREAD-26MAR03MEMMIN', 'last_updated_ts': '2026-03-03T02:01:43.8602Z', 'mutually_exclusive': False, 'product_metadata': {'competition': 'Pro Basketball (M)', 'competition_scope': 'Spread'}, 'series_ticker': 'KXNBASPREAD', 'strike_period': '', 'sub_title': 'MEM at MIN (Mar 3)', 'title': 'Memphis at Minnesota: Spread'}, {'available_on_brokers': True, 'category': 'Sports', 'collateral_return_type': '', 'event_ticker': 'KXNBASPREAD-26MAR03NYKTOR', 'last_updated_ts': '2026-03-03T22:14:56.507288Z', 'mutually_exclusive': False, 'product_metadata': {'competition': 'Pro Basketball (M)', 'competition_scope': 'Spread'}, 'series_ticker': 'KXNBASPREAD', 'strike_period': '', 'sub_title': 'NYK at TOR (Mar 3)', 'title': 'New York at Toronto: Spread'}, {'available_on_brokers': True, 'category': 'Sports', 'collateral_return_type': '', 'event_ticker': 'KXNBASPREAD-26MAR03BKNMIA', 'last_updated_ts': '2026-03-03T22:21:51.197217Z', 'mutually_exclusive': False, 'product_metadata': {'competition': 'Pro Basketball (M)', 'competition_scope': 'Spread'}, 'series_ticker': 'KXNBASPREAD', 'strike_period': '', 'sub_title': 'BKN at MIA (Mar 3)', 'title': 'Brooklyn at Miami: Spread'}, {'available_on_brokers': True, 'category': 'Sports', 'collateral_return_type': '', 'event_ticker': 'KXNBASPREAD-26MAR03WASORL', 'last_updated_ts': '2026-03-03T22:19:48.822334Z', 'mutually_exclusive': False, 'product_metadata': {'competition': 'Pro Basketball (M)', 'competition_scope': 'Spread'}, 'series_ticker': 'KXNBASPREAD', 'strike_period': '', 'sub_title': 'WAS at ORL (Mar 3)', 'title': 'Washington at Orlando: Spread'}, {'available_on_brokers': True, 'category': 'Sports', 'collateral_return_type': '', 'event_ticker': 'KXNBASPREAD-26MAR03DETCLE', 'last_updated_ts': '2026-03-03T17:22:43.514662Z', 'mutually_exclusive': False, 'product_metadata': {'competition': 'Pro Basketball (M)', 'competition_scope': 'Spread'}, 'series_ticker': 'KXNBASPREAD', 'strike_period': '', 'sub_title': 'DET at CLE (Mar 3)', 'title': 'Detroit at Cleveland: Spread'}, {'available_on_brokers': True, 'category': 'Sports', 'collateral_return_type': '', 'event_ticker': 'KXNBASPREAD-26MAR03DALCHA', 'last_updated_ts': '2026-03-03T23:03:24.762029Z', 'mutually_exclusive': False, 'product_metadata': {'competition': 'Pro Basketball (M)', 'competition_scope': 'Spread'}, 'series_ticker': 'KXNBASPREAD', 'strike_period': '', 'sub_title': 'DAL at CHA (Mar 3)', 'title': 'Dallas at Charlotte: Spread'}, {'available_on_brokers': True, 'category': 'Sports', 'collateral_return_type': '', 'event_ticker': 'KXNBASPREAD-26MAR02LACGSW', 'last_updated_ts': '2026-03-02T23:22:54.927676Z', 'mutually_exclusive': False, 'product_metadata': {'competition': 'Pro Basketball (M)', 'competition_scope': 'Spread'}, 'series_ticker': 'KXNBASPREAD', 'strike_period': '', 'sub_title': 'LAC at GSW (Mar 2)', 'title': 'Los Angeles C at Golden State: Spread'}, {'available_on_brokers': True, 'category': 'Sports', 'collateral_return_type': '', 'event_ticker': 'KXNBASPREAD-26MAR02DENUTA', 'last_updated_ts': '2026-03-02T23:20:55.092262Z', 'mutually_exclusive': False, 'product_metadata': {'competition': 'Pro Basketball (M)', 'competition_scope': 'Spread'}, 'series_ticker': 'KXNBASPREAD', 'strike_period': '', 'sub_title': 'DEN at UTA (Mar 2)', 'title': 'Denver at Utah: Spread'}, {'available_on_brokers': True, 'category': 'Sports', 'collateral_return_type': '', 'event_ticker': 'KXNBASPREAD-26MAR02BOSMIL', 'last_updated_ts': '2026-03-02T23:15:47.988725Z', 'mutually_exclusive': False, 'product_metadata': {'competition': 'Pro Basketball (M)', 'competition_scope': 'Spread'}, 'series_ticker': 'KXNBASPREAD', 'strike_period': '', 'sub_title': 'BOS at MIL (Mar 2)', 'title': 'Boston at Milwaukee: Spread'}, {'available_on_brokers': True, 'category': 'Sports', 'collateral_return_type': '', 'event_ticker': 'KXNBASPREAD-26MAR02HOUWAS', 'last_updated_ts': '2026-03-02T23:19:27.418747Z', 'mutually_exclusive': False, 'product_metadata': {'competition': 'Pro Basketball (M)', 'competition_scope': 'Spread'}, 'series_ticker': 'KXNBASPREAD', 'strike_period': '', 'sub_title': 'HOU at WAS (Mar 2)', 'title': 'Houston at Washington: Spread'}, {'available_on_brokers': True, 'category': 'Sports', 'collateral_return_type': '', 'event_ticker': 'KXNBASPREAD-26MAR01SACLAL', 'last_updated_ts': '2026-03-01T18:11:52.159893Z', 'mutually_exclusive': False, 'product_metadata': {'competition': 'Pro Basketball (M)', 'competition_scope': 'Spread'}, 'series_ticker': 'KXNBASPREAD', 'strike_period': '', 'sub_title': 'SAC at LAL (Mar 1)', 'title': 'Sacramento at Los Angeles L: Spread'}, {'available_on_brokers': True, 'category': 'Sports', 'collateral_return_type': '', 'event_ticker': 'KXNBASPREAD-26MAR01NOPLAC', 'last_updated_ts': '2026-03-01T18:10:25.975753Z', 'mutually_exclusive': False, 'product_metadata': {'competition': 'Pro Basketball (M)', 'competition_scope': 'Spread'}, 'series_ticker': 'KXNBASPREAD', 'strike_period': '', 'sub_title': 'NOP at LAC (Mar 1)', 'title': 'New Orleans at Los Angeles C: Spread'}, {'available_on_brokers': True, 'category': 'Sports', 'collateral_return_type': '', 'event_ticker': 'KXNBASPREAD-26MAR01PHIBOS', 'last_updated_ts': '2026-02-28T23:01:47.144635Z', 'mutually_exclusive': False, 'product_metadata': {'competition': 'Pro Basketball (M)', 'competition_scope': 'Spread'}, 'series_ticker': 'KXNBASPREAD', 'strike_period': '', 'sub_title': 'PHI at BOS (Mar 1)', 'title': 'Philadelphia at Boston: Spread'}, {'available_on_brokers': True, 'category': 'Sports', 'collateral_return_type': '', 'event_ticker': 'KXNBASPREAD-26MAR01OKCDAL', 'last_updated_ts': '2026-03-01T18:07:05.70783Z', 'mutually_exclusive': False, 'product_metadata': {'competition': 'Pro Basketball (M)', 'competition_scope': 'Spread'}, 'series_ticker': 'KXNBASPREAD', 'strike_period': '', 'sub_title': 'OKC at DAL (Mar 1)', 'title': 'Oklahoma City at Dallas: Spread'}, {'available_on_brokers': True, 'category': 'Sports', 'collateral_return_type': '', 'event_ticker': 'KXNBASPREAD-26MAR01PORATL', 'last_updated_ts': '2026-03-01T20:02:27.677379Z', 'mutually_exclusive': False, 'product_metadata': {'competition': 'Pro Basketball (M)', 'competition_scope': 'Spread'}, 'series_ticker': 'KXNBASPREAD', 'strike_period': '', 'sub_title': 'POR at ATL (Mar 1)', 'title': 'Portland at Atlanta: Spread'}, {'available_on_brokers': True, 'category': 'Sports', 'collateral_return_type': '', 'event_ticker': 'KXNBASPREAD-26MAR01DETORL', 'last_updated_ts': '2026-03-01T18:03:52.863042Z', 'mutually_exclusive': False, 'product_metadata': {'competition': 'Pro Basketball (M)', 'competition_scope': 'Spread'}, 'series_ticker': 'KXNBASPREAD', 'strike_period': '', 'sub_title': 'DET at ORL (Mar 1)', 'title': 'Detroit at Orlando: Spread'}, {'available_on_brokers': True, 'category': 'Sports', 'collateral_return_type': '', 'event_ticker': 'KXNBASPREAD-26MAR01MEMIND', 'last_updated_ts': '2026-03-01T23:02:05.569464Z', 'mutually_exclusive': False, 'product_metadata': {'competition': 'Pro Basketball (M)', 'competition_scope': 'Spread'}, 'series_ticker': 'KXNBASPREAD', 'strike_period': '', 'sub_title': 'MEM at IND (Mar 1)', 'title': 'Memphis at Indiana: Spread'}, {'available_on_brokers': True, 'category': 'Sports', 'collateral_return_type': '', 'event_ticker': 'KXNBASPREAD-26MAR01MINDEN', 'last_updated_ts': '2026-03-01T17:48:36.849225Z', 'mutually_exclusive': False, 'product_metadata': {'competition': 'Pro Basketball (M)', 'competition_scope': 'Spread'}, 'series_ticker': 'KXNBASPREAD', 'strike_period': '', 'sub_title': 'MIN at DEN (Mar 1)', 'title': 'Minnesota at Denver: Spread'}, {'available_on_brokers': True, 'category': 'Sports', 'collateral_return_type': '', 'event_ticker': 'KXNBASPREAD-26MAR01MILCHI', 'last_updated_ts': '2026-03-01T02:01:44.315216Z', 'mutually_exclusive': False, 'product_metadata': {'competition': 'Pro Basketball (M)', 'competition_scope': 'Spread'}, 'series_ticker': 'KXNBASPREAD', 'strike_period': '', 'sub_title': 'MIL at CHI (Mar 1)', 'title': 'Milwaukee at Chicago: Spread'}, {'available_on_brokers': True, 'category': 'Sports', 'collateral_return_type': '', 'event_ticker': 'KXNBASPREAD-26MAR01CLEBKN', 'last_updated_ts': '2026-03-01T20:02:08.097589Z', 'mutually_exclusive': False, 'product_metadata': {'competition': 'Pro Basketball (M)', 'competition_scope': 'Spread'}, 'series_ticker': 'KXNBASPREAD', 'strike_period': '', 'sub_title': 'CLE at BKN (Mar 1)', 'title': 'Cleveland at Brooklyn: Spread'}, {'available_on_brokers': True, 'category': 'Sports', 'collateral_return_type': '', 'event_ticker': 'KXNBASPREAD-26MAR01SASNYK', 'last_updated_ts': '2026-03-01T17:45:27.707663Z', 'mutually_exclusive': False, 'product_metadata': {'competition': 'Pro Basketball (M)', 'competition_scope': 'Spread'}, 'series_ticker': 'KXNBASPREAD', 'strike_period': '', 'sub_title': 'SAS at NYK (Mar 1)', 'title': 'San Antonio at New York: Spread'}, {'available_on_brokers': True, 'category': 'Sports', 'collateral_return_type': '', 'event_ticker': 'KXNBASPREAD-26FEB28NOPUTA', 'last_updated_ts': '2026-02-27T23:01:29.592922Z', 'mutually_exclusive': False, 'product_metadata': {'competition': 'Pro Basketball (M)', 'competition_scope': 'Spread'}, 'series_ticker': 'KXNBASPREAD', 'strike_period': '', 'sub_title': 'NOP at UTA (Feb 28)', 'title': 'New Orleans at Utah: Spread'}, {'available_on_brokers': True, 'category': 'Sports', 'collateral_return_type': '', 'event_ticker': 'KXNBASPREAD-26FEB28LALGSW', 'last_updated_ts': '2026-02-27T20:02:21.110847Z', 'mutually_exclusive': False, 'product_metadata': {'competition': 'Pro Basketball (M)', 'competition_scope': 'Spread'}, 'series_ticker': 'KXNBASPREAD', 'strike_period': '', 'sub_title': 'LAL at GSW (Feb 28)', 'title': 'Los Angeles L at Golden State: Spread'}, {'available_on_brokers': True, 'category': 'Sports', 'collateral_return_type': '', 'event_ticker': 'KXNBASPREAD-26FEB28TORWAS', 'last_updated_ts': '2026-02-28T05:02:29.055188Z', 'mutually_exclusive': False, 'product_metadata': {'competition': 'Pro Basketball (M)', 'competition_scope': 'Spread'}, 'series_ticker': 'KXNBASPREAD', 'strike_period': '', 'sub_title': 'TOR at WAS (Feb 28)', 'title': 'Toronto at Washington: Spread'}, {'available_on_brokers': True, 'category': 'Sports', 'collateral_return_type': '', 'event_ticker': 'KXNBASPREAD-26FEB28HOUMIA', 'last_updated_ts': '2026-02-28T20:02:17.201929Z', 'mutually_exclusive': False, 'product_metadata': {'competition': 'Pro Basketball (M)', 'competition_scope': 'Spread'}, 'series_ticker': 'KXNBASPREAD', 'strike_period': '', 'sub_title': 'HOU at MIA (Feb 28)', 'title': 'Houston at Miami: Spread'}, {'available_on_brokers': True, 'category': 'Sports', 'collateral_return_type': '', 'event_ticker': 'KXNBASPREAD-26FEB28PORCHA', 'last_updated_ts': '2026-02-28T02:01:42.537813Z', 'mutually_exclusive': False, 'product_metadata': {'competition': 'Pro Basketball (M)', 'competition_scope': 'Spread'}, 'series_ticker': 'KXNBASPREAD', 'strike_period': '', 'sub_title': 'POR at CHA (Feb 28)', 'title': 'Portland at Charlotte: Spread'}, {'available_on_brokers': True, 'category': 'Sports', 'collateral_return_type': '', 'event_ticker': 'KXNBASPREAD-26FEB27DENOKC', 'last_updated_ts': '2026-02-27T02:01:22.373949Z', 'mutually_exclusive': False, 'product_metadata': {'competition': 'Pro Basketball (M)', 'competition_scope': 'Spread'}, 'series_ticker': 'KXNBASPREAD', 'strike_period': '', 'sub_title': 'DEN at OKC (Feb 27)', 'title': 'Denver at Oklahoma City: Spread'}, {'available_on_brokers': True, 'category': 'Sports', 'collateral_return_type': '', 'event_ticker': 'KXNBASPREAD-26FEB27MEMDAL', 'last_updated_ts': '2026-02-27T02:01:22.55396Z', 'mutually_exclusive': False, 'product_metadata': {'competition': 'Pro Basketball (M)', 'competition_scope': 'Spread'}, 'series_ticker': 'KXNBASPREAD', 'strike_period': '', 'sub_title': 'MEM at DAL (Feb 27)', 'title': 'Memphis at Dallas: Spread'}], 'milestones': []}
